// Jest Snapshot v1, https://goo.gl/fbAQLP

exports[`matches the snapshot 1`] = `
<DocumentFragment>
  <div>
    <div>
      <form>
        <label
          for="text"
        >
          Todo 
        </label>
        <input
          name="text"
          placeholder="write todo here"
          type="text"
          value=""
        />
        <button>
          Add todo!
        </button>
      </form>
    </div>
    <div />
  </div>
</DocumentFragment>
`;
